// Jest Snapshot v1, https://goo.gl/fbAQLP

exports[`Visualization renders empty content 1`] = `<div />`;

exports[`Visualization renders with result and escapes any HTML 1`] = `
<div>
  <div
    class="sc-gSQFLo cOFWOF"
  >
    <div
      class="sc-iwjdpV jANUZR"
      id="svg-vis"
    >
      <div
        class="sc-fFeiMQ jJYfWR"
      >
        <svg
          class="neod3viz"
          viewBox="0 0 0 0"
        >
          <g
            transform="translate(0,0)"
          >
            <rect
              height="100%"
              style="fill: none; pointer-events: all;"
              transform="scale(1)"
              width="100%"
              x="0"
              y="0"
            />
            <g>
              <g
                class="layer relationships"
              />
              <g
                class="layer nodes"
              >
                <g
                  aria-label="graph-node1"
                  class="node"
                  transform="translate(0,0.9475741398926749)"
                >
                  <circle
                    class="ring"
                    cx="0"
                    cy="0"
                    r="29"
                    stroke-width="8px"
                  />
                  <circle
                    class="outline"
                    cx="0"
                    cy="0"
                    fill="#C990C0"
                    r="25"
                    stroke="#b261a5"
                    stroke-width="2px"
                  />
                  <text
                    class="caption"
                    fill="#FFFFFF"
                    font-size="10px"
                    pointer-events="none"
                    text-anchor="middle"
                    x="0"
                    y="5"
                  >
                     &lt;b&gt;â€¦
                  </text>
                </g>
              </g>
            </g>
          </g>
        </svg>
        <div
          class="sc-bkkeKt jABzGR"
          offset="212.8"
        >
          <button
            aria-label="zoom-in"
            class="sc-ieecCq gXyTgH zoom-in"
          >
            <i
              class="sc-bdvvtL kSEjuX"
            >
              <span
                class="SVGInline SVGInline--cleaned"
              >
                <svg
                  class="SVGInline-svg SVGInline--cleaned-svg"
                  style="width: 20px;height: 20px;"
                />
              </span>
            </i>
          </button>
          <button
            aria-label="zoom-out"
            class="sc-ieecCq gXyTgH zoom-out"
          >
            <i
              class="sc-bdvvtL kSEjuX"
            >
              <span
                class="SVGInline SVGInline--cleaned"
              >
                <svg
                  class="SVGInline-svg SVGInline--cleaned-svg"
                  style="width: 20px;height: 20px;"
                />
              </span>
            </i>
          </button>
          <button
            aria-label="zoom-to-fit"
            class="sc-ieecCq gXyTgH"
          >
            <i
              class="sc-bdvvtL kSEjuX"
            >
              <span
                class="SVGInline SVGInline--cleaned"
              >
                <svg
                  class="SVGInline-svg SVGInline--cleaned-svg"
                  style="width: 20px;height: 20px;"
                />
              </span>
            </i>
          </button>
        </div>
      </div>
      <div
        class="sc-llYSUQ gGGyRC"
        title="Collapse the Node Properties display"
      >
        <i
          class="sc-bdvvtL kSEjuX fa fa-chevron-right "
        />
      </div>
      <div
        class="sc-cxpSdN kIuMhR"
        width="204.8"
      >
        <div
          class="sc-iJKOTD cCaJqZ react-resizable"
          data-testid="vizInspector"
        >
          <div
            class="sc-kHxTfl eDrKuu"
          >
            Overview
          </div>
          <div
            class="sc-ksHpcM htdrlJ"
          >
            <div>
              <div
                class="sc-gnnDb hxFPfE"
              >
                <span
                  class="sc-bGaVxB bDkbTP"
                >
                  Node labels
                </span>
              </div>
              <ul
                class="sc-jivBlf sc-iWBNLc iMfugG dEfWmR"
              >
                <div
                  class="sc-eCImPb sc-jRQBWg iTIdOK CulBm"
                  data-testid="property-details-overview-node-label-*"
                  style="background-color: rgb(165, 171, 182); color: rgb(255, 255, 255);"
                >
                  * (1)
                </div>
                <div
                  class="sc-eCImPb sc-jRQBWg iTIdOK CulBm"
                  data-testid="property-details-overview-node-label-Person"
                  style="background-color: rgb(201, 144, 192); color: rgb(255, 255, 255);"
                >
                  Person (1)
                </div>
              </ul>
            </div>
            <div
              style="padding-bottom: 10px;"
            >
              Displaying 1 nodes, 0 relationships.
            </div>
          </div>
          <span
            class="react-resizable-handle react-resizable-handle-w"
          />
        </div>
      </div>
    </div>
  </div>
</div>
`;
