// Jest Snapshot v1, https://goo.gl/fbAQLP

exports[`ErrorsStatusbar displays error 1`] = `
<div>
  <div
    class="sc-EHOje irnKJZ"
  >
    <span
      class="sc-Rmtcm jKxtBU"
      title="Test.Error: Test error description"
    >
      <i
        class="sc-kafWEX deoVPi fa fa-exclamation-triangle"
      />
       
      Test.Error: Test error description
    </span>
  </div>
</div>
`;

exports[`ErrorsStatusbar displays nothing if no error 1`] = `<div />`;
